// Vitest Snapshot v1, https://vitest.dev/guide/snapshot.html

exports[`Button > matches snapshot 1`] = `
<button
  class="inline-flex items-center justify-center gap-2 whitespace-nowrap text-sm font-medium transition-all duration-200 disabled:pointer-events-none disabled:opacity-50 [&_svg]:pointer-events-none [&_svg:not([class*='size-'])]:size-4 shrink-0 [&_svg]:shrink-0 outline-none focus-visible:border-ring focus-visible:ring-[3px] aria-invalid:ring-destructive/20 dark:aria-invalid:ring-destructive/40 aria-invalid:border-destructive focus:scale-[0.98] active:scale-[0.96] select-none bg-green-600 text-white shadow-xs hover:bg-green-700 hover:shadow-sm focus-visible:ring-green-500/20 dark:bg-green-500/90 dark:hover:bg-green-600 h-10 px-6 has-[>svg]:px-4 rounded-md"
  data-loading="false"
  data-slot="button"
>
  <svg
    aria-hidden="true"
    class="lucide lucide-plus"
    fill="none"
    height="24"
    stroke="currentColor"
    stroke-linecap="round"
    stroke-linejoin="round"
    stroke-width="2"
    viewBox="0 0 24 24"
    width="24"
    xmlns="http://www.w3.org/2000/svg"
  >
    <path
      d="M5 12h14"
    />
    <path
      d="M12 5v14"
    />
  </svg>
  <span
    class="flex-1"
  >
    Test Button
  </span>
  <span
    class="ml-1 inline-flex items-center justify-center min-w-5 h-5 text-xs font-medium bg-red-500 text-white rounded-full px-1"
  >
    3
  </span>
</button>
`;
