// Vitest Snapshot v1, https://vitest.dev/guide/snapshot.html

exports[`NotificationToast > matches snapshot 1`] = `
<div
  class="bg-background text-foreground"
>
  <div
    aria-live="polite"
    class="group pointer-events-auto relative flex w-full items-center justify-between space-x-4 overflow-hidden rounded-md border shadow-lg transition-all data-[swipe=cancel]:translate-x-0 data-[swipe=end]:translate-x-[var(--radix-toast-swipe-end-x)] data-[swipe=move]:translate-x-[var(--radix-toast-swipe-move-x)] data-[swipe=move]:transition-none data-[state=open]:animate-in data-[state=closed]:animate-out data-[swipe=end]:animate-out data-[state=closed]:fade-out-80 data-[state=closed]:slide-out-to-right-full data-[state=open]:slide-in-from-top-full data-[state=open]:sm:slide-in-from-bottom-full border-purple-200 bg-gradient-to-r from-purple-50 to-pink-50 text-purple-800 dark:border-purple-800 dark:from-purple-950 dark:to-pink-950 dark:text-purple-300 text-sm p-4"
    role="alert"
  >
    <div
      class="absolute top-0 left-0 right-0 h-1 bg-black/10 dark:bg-white/10"
    >
      <div
        class="h-full bg-current transition-all duration-75 ease-linear"
        style="width: 100%;"
      />
    </div>
    <div
      class="flex items-start space-x-3 flex-1"
    >
      <div
        class="flex-shrink-0 pt-0.5"
      >
        <svg
          aria-hidden="true"
          class="lucide lucide-trophy"
          fill="none"
          height="24"
          stroke="currentColor"
          stroke-linecap="round"
          stroke-linejoin="round"
          stroke-width="2"
          viewBox="0 0 24 24"
          width="24"
          xmlns="http://www.w3.org/2000/svg"
        >
          <path
            d="M10 14.66v1.626a2 2 0 0 1-.976 1.696A5 5 0 0 0 7 21.978"
          />
          <path
            d="M14 14.66v1.626a2 2 0 0 0 .976 1.696A5 5 0 0 1 17 21.978"
          />
          <path
            d="M18 9h1.5a1 1 0 0 0 0-5H18"
          />
          <path
            d="M4 22h16"
          />
          <path
            d="M6 9a6 6 0 0 0 12 0V3a1 1 0 0 0-1-1H7a1 1 0 0 0-1 1z"
          />
          <path
            d="M6 9H4.5a1 1 0 0 1 0-5H6"
          />
        </svg>
      </div>
      <div
        class="flex-1 space-y-1"
      >
        <div
          class="font-semibold leading-none tracking-tight"
        >
          Achievement Unlocked!
        </div>
        <div
          class="text-sm opacity-90 leading-relaxed"
        >
          You've completed your first goal!
        </div>
      </div>
    </div>
    <div
      class="flex-shrink-0"
    >
      <button
        class="inline-flex items-center justify-center whitespace-nowrap font-medium transition-all duration-200 disabled:pointer-events-none disabled:opacity-50 [&_svg]:pointer-events-none [&_svg:not([class*='size-'])]:size-4 shrink-0 [&_svg]:shrink-0 outline-none focus-visible:border-ring focus-visible:ring-ring/50 focus-visible:ring-[3px] aria-invalid:ring-destructive/20 dark:aria-invalid:ring-destructive/40 aria-invalid:border-destructive focus:scale-[0.98] active:scale-[0.96] select-none hover:text-accent-foreground dark:hover:bg-accent/50 text-sm gap-1.5 has-[>svg]:px-2.5 rounded-md h-auto p-2 text-current hover:bg-current/10"
        data-loading="false"
        data-slot="button"
      >
        <span
          class="flex-1"
        >
          View Badge
        </span>
      </button>
    </div>
    <button
      class="inline-flex items-center justify-center gap-2 whitespace-nowrap text-sm font-medium transition-all duration-200 disabled:pointer-events-none disabled:opacity-50 [&_svg]:pointer-events-none [&_svg:not([class*='size-'])]:size-4 shrink-0 [&_svg]:shrink-0 outline-none focus-visible:border-ring focus-visible:ring-ring/50 focus-visible:ring-[3px] aria-invalid:ring-destructive/20 dark:aria-invalid:ring-destructive/40 aria-invalid:border-destructive focus:scale-[0.98] active:scale-[0.96] select-none hover:text-accent-foreground dark:hover:bg-accent/50 size-8 rounded-md absolute top-2 right-2 h-6 w-6 text-current hover:bg-current/10 focus:ring-current/20"
      data-loading="false"
      data-slot="button"
    >
      <span
        class="flex-1"
      >
        <svg
          aria-hidden="true"
          class="lucide lucide-x h-3 w-3"
          fill="none"
          height="24"
          stroke="currentColor"
          stroke-linecap="round"
          stroke-linejoin="round"
          stroke-width="2"
          viewBox="0 0 24 24"
          width="24"
          xmlns="http://www.w3.org/2000/svg"
        >
          <path
            d="M18 6 6 18"
          />
          <path
            d="m6 6 12 12"
          />
        </svg>
        <span
          class="sr-only"
        >
          Close
        </span>
      </span>
    </button>
  </div>
</div>
`;
