// Vitest Snapshot v1, https://vitest.dev/guide/snapshot.html

exports[`StatusBadge > matches snapshot for various configurations 1`] = `
<div>
  <div>
    <span
      class="justify-center w-fit whitespace-nowrap shrink-0 [&>svg]:size-3 [&>svg]:pointer-events-none focus-visible:border-ring focus-visible:ring-ring/50 focus-visible:ring-[3px] aria-invalid:ring-destructive/20 dark:aria-invalid:ring-destructive/40 aria-invalid:border-destructive overflow-hidden [a&]:hover:bg-accent [a&]:hover:text-accent-foreground inline-flex items-center gap-1.5 font-medium transition-all duration-200 bg-blue-100 text-blue-800 border-blue-200 dark:bg-blue-900/30 dark:text-blue-300 dark:border-blue-800 text-sm px-2.5 py-1 min-h-7 border rounded-md"
      data-slot="badge"
    >
      <svg
        aria-hidden="true"
        class="lucide lucide-play w-3 h-3"
        fill="none"
        height="24"
        stroke="currentColor"
        stroke-linecap="round"
        stroke-linejoin="round"
        stroke-width="2"
        viewBox="0 0 24 24"
        width="24"
        xmlns="http://www.w3.org/2000/svg"
      >
        <path
          d="M5 5a2 2 0 0 1 3.008-1.728l11.997 6.998a2 2 0 0 1 .003 3.458l-12 7A2 2 0 0 1 5 19z"
        />
      </svg>
      <span
        class="truncate"
      >
        Active
      </span>
    </span>
    <span
      class="justify-center w-fit whitespace-nowrap shrink-0 [&>svg]:size-3 [&>svg]:pointer-events-none focus-visible:border-ring focus-visible:ring-ring/50 focus-visible:ring-[3px] aria-invalid:ring-destructive/20 dark:aria-invalid:ring-destructive/40 aria-invalid:border-destructive overflow-hidden [a&]:hover:bg-accent [a&]:hover:text-accent-foreground inline-flex items-center gap-1.5 font-medium transition-all duration-200 bg-green-100 text-green-800 border-green-200 dark:bg-green-900/30 dark:text-green-300 dark:border-green-800 text-sm px-3 py-1.5 min-h-8 border rounded-md"
      data-slot="badge"
    >
      <svg
        aria-hidden="true"
        class="lucide lucide-circle-check w-3 h-3"
        fill="none"
        height="24"
        stroke="currentColor"
        stroke-linecap="round"
        stroke-linejoin="round"
        stroke-width="2"
        viewBox="0 0 24 24"
        width="24"
        xmlns="http://www.w3.org/2000/svg"
      >
        <circle
          cx="12"
          cy="12"
          r="10"
        />
        <path
          d="m9 12 2 2 4-4"
        />
      </svg>
      <span
        class="truncate"
      >
        Completed
      </span>
    </span>
    <span
      class="justify-center w-fit whitespace-nowrap shrink-0 [&>svg]:size-3 [&>svg]:pointer-events-none focus-visible:border-ring focus-visible:ring-ring/50 focus-visible:ring-[3px] aria-invalid:ring-destructive/20 dark:aria-invalid:ring-destructive/40 aria-invalid:border-destructive overflow-hidden [a&]:hover:bg-accent [a&]:hover:text-accent-foreground inline-flex items-center gap-1.5 font-medium transition-all duration-200 bg-red-100 text-red-800 border-red-200 dark:bg-red-900/30 dark:text-red-300 dark:border-red-800 text-sm px-2.5 py-1 min-h-7 border rounded-md animate-pulse"
      data-slot="badge"
    >
      <svg
        aria-hidden="true"
        class="lucide lucide-circle-alert w-3 h-3"
        fill="none"
        height="24"
        stroke="currentColor"
        stroke-linecap="round"
        stroke-linejoin="round"
        stroke-width="2"
        viewBox="0 0 24 24"
        width="24"
        xmlns="http://www.w3.org/2000/svg"
      >
        <circle
          cx="12"
          cy="12"
          r="10"
        />
        <line
          x1="12"
          x2="12"
          y1="8"
          y2="12"
        />
        <line
          x1="12"
          x2="12.01"
          y1="16"
          y2="16"
        />
      </svg>
      <span
        class="truncate"
      >
        Overdue
         (3)
      </span>
    </span>
    <span
      class="justify-center w-fit whitespace-nowrap shrink-0 [&>svg]:size-3 [&>svg]:pointer-events-none focus-visible:border-ring focus-visible:ring-ring/50 focus-visible:ring-[3px] aria-invalid:ring-destructive/20 dark:aria-invalid:ring-destructive/40 aria-invalid:border-destructive overflow-hidden [a&]:hover:bg-accent [a&]:hover:text-accent-foreground inline-flex items-center gap-1.5 font-medium transition-all duration-200 bg-purple-100 text-purple-700 border-purple-200 dark:bg-purple-900/20 dark:text-purple-400 dark:border-purple-800 text-sm px-2.5 py-1 min-h-7 border rounded-md animate-pulse"
      data-slot="badge"
    >
      <svg
        aria-hidden="true"
        class="lucide lucide-zap w-3 h-3"
        fill="none"
        height="24"
        stroke="currentColor"
        stroke-linecap="round"
        stroke-linejoin="round"
        stroke-width="2"
        viewBox="0 0 24 24"
        width="24"
        xmlns="http://www.w3.org/2000/svg"
      >
        <path
          d="M4 14a1 1 0 0 1-.78-1.63l9.9-10.2a.5.5 0 0 1 .86.46l-1.92 6.02A1 1 0 0 0 13 10h7a1 1 0 0 1 .78 1.63l-9.9 10.2a.5.5 0 0 1-.86-.46l1.92-6.02A1 1 0 0 0 11 14z"
        />
      </svg>
      <span
        class="truncate"
      >
        Achievement!
      </span>
    </span>
  </div>
</div>
`;
